// Jest Snapshot v1, https://goo.gl/fbAQLP

exports[`Renders correctly 1`] = `
<div
  className="Navbar"
>
  <div
    className="Navbar__logo"
  >
    <h1
      className="Navbar__title"
    >
      Finding Falcone!
    </h1>
  </div>
  <div
    className="Navbar__menu"
  >
    <span
      className="Navbar__reset"
    >
      Reset
    </span>
    <a
      href="http://www.geektrust.in/"
      rel="noreferrer"
      target="_blank"
    >
      <span
        className="Navbar__geekhome"
      >
        Geek Trust Home
      </span>
    </a>
  </div>
</div>
`;
